Hello, world!
1
3
5
7
9
